src/ImageBackgroundRemover.tsx(4,21): error TS6133: 'Loader' is declared but its value is never read.
